warning: /home/harsh/Downloads/super-smart-contracts/Cargo.toml: unused manifest key: workspace.license
    Finished `release` profile [optimized] target(s) in 0.45s
    Finished `test` profile [unoptimized + debuginfo] target(s) in 0.34s
     Running unittests src/lib.rs (/home/harsh/Downloads/gpt-oracle-tuktuk/target/debug/deps/gpt_oracle-f162c7bf490a416c)

Found a 'test' script in the Anchor.toml. Running it as a test suite!

Running test suite: "/home/harsh/Downloads/gpt-oracle-tuktuk/Anchor.toml"

yarn run v1.22.22
$ /home/harsh/Downloads/gpt-oracle-tuktuk/node_modules/.bin/ts-mocha -p ./tsconfig.json -t 1000000 'tests/**/*.ts'


  gpt-oracle
    Initialization
  [DEBUG] counterPda: 9uGkS41eWJvMeJ18ve6LdsDvd2fSotpH3vaiBZTzu5pP
  [DEBUG] counterInfo: {
  data: <Buffer ff b0 04 f5 bc fd 7c 19 7c 00 00 00 00 00 00 00 00 00 00 00 00 00 00 00 00 00 00 00 00 00 00 00 00 00 00 00 00 00 00 00>,
  executable: false,
  lamports: 1169280,
  owner: PublicKey [PublicKey(LLMrieZMpbJFwN52WgmBNMxYojrpRVYXdC1RCweEbab)] {
    _bn: <BN: 4f3ece3bae5f36fb12cc98aff631c1500c3c1ea5c351455060bc78229825c3c>
  },
  rentEpoch: 18446744073709552000,
  space: 40
}
      1) Initializes the Agent and LLM context if not already created
    Interaction
      2) Sends a prompt directly to the LLM via interact_with_llm
    Schedule
  Queue authority: 46HRspW1TQ13Cz61972pg4JTZdJ27xcJtrauK1DS9K3D
      3) Registers the queue authority (once) then schedules interact_with_llm


  0 passing (295ms)
  3 failing

  1) gpt-oracle
       Initialization
         Initializes the Agent and LLM context if not already created:
     Error: AnchorError occurred. Error Code: DeclaredProgramIdMismatch. Error Number: 4100. Error Message: The declared program id does not match the actual program id.
      at Function.parse (node_modules/@coral-xyz/anchor/src/error.ts:136:14)
      at translateError (node_modules/@coral-xyz/anchor/src/error.ts:277:35)
      at MethodsBuilder.rpc [as _rpcFn] (node_modules/@coral-xyz/anchor/src/program/namespace/rpc.ts:35:29)
      at processTicksAndRejections (node:internal/process/task_queues:95:5)

  2) gpt-oracle
       Interaction
         Sends a prompt directly to the LLM via interact_with_llm:
     Error: Account does not exist or has no data Bur7eS8L7MTbk2DdcYD1UC3F6yUJaksYzYzEJZVb627v
      at AccountClient.fetch (node_modules/@coral-xyz/anchor/src/program/namespace/account.ts:168:13)
      at processTicksAndRejections (node:internal/process/task_queues:95:5)

  3) gpt-oracle
       Schedule
         Registers the queue authority (once) then schedules interact_with_llm:
     Error: Account does not exist or has no data Bur7eS8L7MTbk2DdcYD1UC3F6yUJaksYzYzEJZVb627v
      at AccountClient.fetch (node_modules/@coral-xyz/anchor/src/program/namespace/account.ts:168:13)
      at processTicksAndRejections (node:internal/process/task_queues:95:5)



error Command failed with exit code 3.
info Visit https://yarnpkg.com/en/docs/cli/run for documentation about this command.
